[artemjuliawedding.com/en.html]
[backblue.gif]
[fade.gif]
[index.html]
[artemjuliawedding.com/css/normalize.css]
[artemjuliawedding.com/css/main.css]
[artemjuliawedding.com/apple-touch-icon-144x144-precomposed.png]
[artemjuliawedding.com/apple-touch-icon-114x114-precomposed.png]
[artemjuliawedding.com/apple-touch-icon-72x72-precomposed.png]
[artemjuliawedding.com/apple-touch-icon-57x57-precomposed.png]
[artemjuliawedding.com/apple-touch-icon-precomposed.png]
[artemjuliawedding.com/js/vendor/modernizr-2.6.2.min.js]
[artemjuliawedding.com/js/plugins.js]
[artemjuliawedding.com/index.html]
[artemjuliawedding.com/en.html]
[artemjuliawedding.com/css/normalize.css]
[artemjuliawedding.com/js/main.js]
[artemjuliawedding.com/img/ground.png]
[artemjuliawedding.com/img/balloon.png]
[artemjuliawedding.com/img/ribbon.png]
[artemjuliawedding.com/js/vendor/jquery-1.9.1.min.js]
[artemjuliawedding.com/img/hearts.png]
[artemjuliawedding.com/img/meeting.png]
[artemjuliawedding.com/img/fall.png]
[artemjuliawedding.com/img/cake.png]
[artemjuliawedding.com/img/party.png]
[artemjuliawedding.com/img/house.png]
[artemjuliawedding.com/img/proposal.png]
[artemjuliawedding.com/img/slowpoke.png]
[artemjuliawedding.com/img/flash.png]
[artemjuliawedding.com/img/leaves.png]
[artemjuliawedding.com/img/clouds.png]
[artemjuliawedding.com/img/bird.png]
[artemjuliawedding.com/img/dark_cloud1.png]
[artemjuliawedding.com/img/dark_cloud2.png]
[artemjuliawedding.com/img/dark_cloud3.png]
[artemjuliawedding.com/img/arrow_2x.png]
[artemjuliawedding.com/img/balloon_2x.png]
[artemjuliawedding.com/img/bird_2x.png]
[artemjuliawedding.com/img/cake_2x.png]
[artemjuliawedding.com/img/clouds_2x.png]
[artemjuliawedding.com/img/dark_cloud1_2x.png]
[artemjuliawedding.com/img/dark_cloud2_2x.png]
[artemjuliawedding.com/img/dark_cloud3_2x.png]
[artemjuliawedding.com/img/fall_2x.png]
[artemjuliawedding.com/img/flash_2x.png]
[artemjuliawedding.com/img/ground_2x.png]
[artemjuliawedding.com/img/hearts_2x.png]
[artemjuliawedding.com/img/house_2x.png]
[artemjuliawedding.com/img/leaves_2x.png]
[artemjuliawedding.com/img/meeting_2x.png]
[artemjuliawedding.com/img/party_2x.png]
[artemjuliawedding.com/img/proposal_2x.png]
[artemjuliawedding.com/img/ribbon_2x.png]
[artemjuliawedding.com/img/slowpoke_2x.png]
[artemjuliawedding.com/css/main.css]
[artemjuliawedding.com/webfonts/266176_0_0.eot]
[artemjuliawedding.com/webfonts/266176_0_0.woff]
[artemjuliawedding.com/webfonts/266176_0_0.ttf]
[artemjuliawedding.com/css/MyFontsWebfontsOrderM4551871.css]
[artemjuliawedding.com/webfonts/266176_0_0d41d.eot]
[artemjuliawedding.com/index.html]
[artemjuliawedding.com/webfonts/266176_0_0.svg]
[artemjuliawedding.com/img/arrow.png]
